#! /usr/bin/vvp
:ivl_version "12.0 (stable)";
:ivl_delay_selection "TYPICAL";
:vpi_time_precision - 12;
:vpi_module "/usr/lib/x86_64-linux-gnu/ivl/system.vpi";
:vpi_module "/usr/lib/x86_64-linux-gnu/ivl/vhdl_sys.vpi";
:vpi_module "/usr/lib/x86_64-linux-gnu/ivl/vhdl_textio.vpi";
:vpi_module "/usr/lib/x86_64-linux-gnu/ivl/v2005_math.vpi";
:vpi_module "/usr/lib/x86_64-linux-gnu/ivl/va_math.vpi";
:vpi_module "/usr/lib/x86_64-linux-gnu/ivl/v2009.vpi";
S_0x55b9a2abb6f0 .scope package, "$unit" "$unit" 2 1;
 .timescale 0 0;
S_0x55b9a2abb880 .scope module, "packet_handler_tb_sv" "packet_handler_tb_sv" 3 3;
 .timescale -9 -12;
v0x55b9a2af7540_0 .var "clk", 0 0;
v0x55b9a2af7600_0 .var/2s "error_count", 31 0;
v0x55b9a2af76c0_0 .var "i_data", 31 0;
v0x55b9a2af7760_0 .var "i_last", 0 0;
v0x55b9a2af7800_0 .var "i_ready", 0 0;
v0x55b9a2af78f0_0 .var "i_valid", 0 0;
v0x55b9a2af79c0_0 .net "o_data", 295 0, v0x55b9a2af5da0_0;  1 drivers
v0x55b9a2af7a90_0 .net "o_packetLost", 0 0, L_0x55b9a2a957b0;  1 drivers
v0x55b9a2af7b60_0 .net "o_ready", 0 0, v0x55b9a2af60c0_0;  1 drivers
v0x55b9a2af7c30_0 .net "o_valid", 0 0, v0x55b9a2af6180_0;  1 drivers
v0x55b9a2af7d00_0 .var/2s "pkt_count", 31 0;
v0x55b9a2af7da0_0 .var "rst_n", 0 0;
S_0x55b9a2a68490 .scope begin, "$unm_blk_60" "$unm_blk_60" 3 90, 3 90 0, S_0x55b9a2abb880;
 .timescale -9 -12;
v0x55b9a2acb8a0_0 .var/darray "payload", 8;
S_0x55b9a2a68670 .scope begin, "$ivl_for_loop1" "$ivl_for_loop1" 3 101, 3 101 0, S_0x55b9a2a68490;
 .timescale -9 -12;
v0x55b9a2a9cf60_0 .var/2s "i", 31 0;
S_0x55b9a2ad6330 .scope begin, "$ivl_foreach0" "$ivl_foreach0" 3 103, 3 103 0, S_0x55b9a2a68670;
 .timescale -9 -12;
v0x55b9a2a99f20_0 .var/2s "k", 31 0;
S_0x55b9a2af4f80 .scope begin, "$ivl_foreach1" "$ivl_foreach1" 3 109, 3 109 0, S_0x55b9a2a68490;
 .timescale -9 -12;
v0x55b9a2a9d000_0 .var/2s "k", 31 0;
S_0x55b9a2af5200 .scope module, "dut" "packet_handler" 3 27, 4 1 0, S_0x55b9a2abb880;
 .timescale 0 0;
    .port_info 0 /INPUT 1 "i_clk";
    .port_info 1 /INPUT 1 "i_rst_n";
    .port_info 2 /INPUT 32 "i_data";
    .port_info 3 /INPUT 1 "i_valid";
    .port_info 4 /INPUT 1 "i_ready";
    .port_info 5 /INPUT 1 "i_last";
    .port_info 6 /OUTPUT 296 "o_data";
    .port_info 7 /OUTPUT 1 "o_ready";
    .port_info 8 /OUTPUT 1 "o_valid";
    .port_info 9 /OUTPUT 1 "o_packetLost";
P_0x55b9a2acfc80 .param/l "DATA" 1 4 52, C4<0100>;
P_0x55b9a2acfcc0 .param/l "DONE" 1 4 53, C4<1000>;
P_0x55b9a2acfd00 .param/l "HEADER" 1 4 51, C4<0010>;
P_0x55b9a2acfd40 .param/l "IDLE" 1 4 50, C4<0001>;
L_0x55b9a2a94750 .functor NOT 1, v0x55b9a2af6000_0, C4<0>, C4<0>, C4<0>;
L_0x55b9a2a957b0 .functor AND 1, v0x55b9a2af5f40_0, L_0x55b9a2a94750, C4<1>, C4<1>;
v0x55b9a2acb940_0 .net *"_ivl_0", 0 0, L_0x55b9a2a94750;  1 drivers
v0x55b9a2ace950_0 .var/i "i", 31 0;
v0x55b9a2ace9f0_0 .net "i_clk", 0 0, v0x55b9a2af7540_0;  1 drivers
v0x55b9a2af57b0_0 .net "i_data", 31 0, v0x55b9a2af76c0_0;  1 drivers
v0x55b9a2af5890_0 .net "i_last", 0 0, v0x55b9a2af7760_0;  1 drivers
v0x55b9a2af59a0_0 .net "i_ready", 0 0, v0x55b9a2af7800_0;  1 drivers
v0x55b9a2af5a60_0 .net "i_rst_n", 0 0, v0x55b9a2af7da0_0;  1 drivers
v0x55b9a2af5b20_0 .net "i_valid", 0 0, v0x55b9a2af78f0_0;  1 drivers
v0x55b9a2af5be0_0 .var "msgLength", 15 0;
v0x55b9a2af5cc0_0 .var "next_state", 3 0;
v0x55b9a2af5da0_0 .var "o_data", 295 0;
v0x55b9a2af5e80_0 .net "o_packetLost", 0 0, L_0x55b9a2a957b0;  alias, 1 drivers
v0x55b9a2af5f40_0 .var "o_packetLostReg", 0 0;
v0x55b9a2af6000_0 .var "o_packetLostReg_d", 0 0;
v0x55b9a2af60c0_0 .var "o_ready", 0 0;
v0x55b9a2af6180_0 .var "o_valid", 0 0;
v0x55b9a2af6240 .array "packetTracker", 0 31, 31 0;
v0x55b9a2af6300_0 .var "seqNumber", 31 0;
v0x55b9a2af63e0_0 .var "shiftReg", 295 0;
v0x55b9a2af64c0_0 .var "state", 3 0;
v0x55b9a2af65a0_0 .var "streamId", 15 0;
E_0x55b9a2aa3800/0 .event negedge, v0x55b9a2af5a60_0;
E_0x55b9a2aa3800/1 .event posedge, v0x55b9a2ace9f0_0;
E_0x55b9a2aa3800 .event/or E_0x55b9a2aa3800/0, E_0x55b9a2aa3800/1;
E_0x55b9a2aa3330 .event anyedge, v0x55b9a2af64c0_0, v0x55b9a2af5b20_0, v0x55b9a2af5890_0, v0x55b9a2af59a0_0;
S_0x55b9a2af6820 .scope task, "send_packet" "send_packet" 3 45, 3 45 0, S_0x55b9a2abb880;
 .timescale -9 -12;
v0x55b9a2af6fd0_0 .var "header_w1", 31 0;
v0x55b9a2af70d0_0 .var "header_w2", 31 0;
v0x55b9a2af71b0_0 .var/2s "msgLength", 31 0;
v0x55b9a2af7270_0 .var/darray "payload", 8;
v0x55b9a2af7330_0 .var/2s "seqNumber", 31 0;
v0x55b9a2af7460_0 .var/2s "streamId", 31 0;
TD_packet_handler_tb_sv.send_packet ;
    %wait E_0x55b9a2aa3b50;
T_0.0 ;
    %load/vec4 v0x55b9a2af7b60_0;
    %nor/r;
    %flag_set/vec4 8;
    %jmp/0xz T_0.1, 8;
    %wait E_0x55b9a2aa3b50;
    %jmp T_0.0;
T_0.1 ;
    %load/vec4 v0x55b9a2af71b0_0;
    %parti/s 8, 0, 2;
    %load/vec4 v0x55b9a2af71b0_0;
    %parti/s 8, 8, 5;
    %concat/vec4; draw_concat_vec4
    %load/vec4 v0x55b9a2af7460_0;
    %parti/s 8, 0, 2;
    %concat/vec4; draw_concat_vec4
    %load/vec4 v0x55b9a2af7460_0;
    %parti/s 8, 8, 5;
    %concat/vec4; draw_concat_vec4
    %store/vec4 v0x55b9a2af6fd0_0, 0, 32;
    %load/vec4 v0x55b9a2af7330_0;
    %parti/s 8, 0, 2;
    %load/vec4 v0x55b9a2af7330_0;
    %parti/s 8, 8, 5;
    %concat/vec4; draw_concat_vec4
    %load/vec4 v0x55b9a2af7330_0;
    %parti/s 8, 16, 6;
    %concat/vec4; draw_concat_vec4
    %load/vec4 v0x55b9a2af7330_0;
    %parti/s 8, 24, 6;
    %concat/vec4; draw_concat_vec4
    %store/vec4 v0x55b9a2af70d0_0, 0, 32;
    %pushi/vec4 1, 0, 1;
    %assign/vec4 v0x55b9a2af78f0_0, 0;
    %load/vec4 v0x55b9a2af6fd0_0;
    %assign/vec4 v0x55b9a2af76c0_0, 0;
    %wait E_0x55b9a2aa3b50;
    %load/vec4 v0x55b9a2af70d0_0;
    %assign/vec4 v0x55b9a2af76c0_0, 0;
    %wait E_0x55b9a2aa3b50;
    %fork t_1, S_0x55b9a2af69b0;
    %jmp t_0;
    .scope S_0x55b9a2af69b0;
t_1 ;
    %pushi/vec4 0, 0, 32;
    %store/vec4 v0x55b9a2af6ed0_0, 0, 32;
T_0.2 ;
    %load/vec4 v0x55b9a2af6ed0_0;
    %vpi_func 3 62 "$size" 32, v0x55b9a2af7270_0 {0 0 0};
    %cmp/s;
    %jmp/0xz T_0.3, 5;
    %fork t_3, S_0x55b9a2af6b90;
    %jmp t_2;
    .scope S_0x55b9a2af6b90;
t_3 ;
    %load/vec4 v0x55b9a2af6ed0_0;
    %vpi_func 3 64 "$size" 32, v0x55b9a2af7270_0 {0 0 0};
    %cmp/s;
    %flag_mov 8, 5;
    %jmp/0 T_0.4, 8;
    %ix/getv/s 3, v0x55b9a2af6ed0_0;
    %load/dar/vec4 v0x55b9a2af7270_0;
    %jmp/1 T_0.5, 8;
T_0.4 ; End of true expr.
    %pushi/vec4 0, 0, 8;
    %jmp/0 T_0.5, 8;
 ; End of false expr.
    %blend;
T_0.5;
    %ix/load 4, 0, 0;
    %flag_set/imm 4, 0;
    %store/vec4 v0x55b9a2af6dd0_0, 4, 8;
    %load/vec4 v0x55b9a2af6ed0_0;
    %addi 1, 0, 32;
    %vpi_func 3 65 "$size" 32, v0x55b9a2af7270_0 {0 0 0};
    %cmp/s;
    %flag_mov 8, 5;
    %jmp/0 T_0.6, 8;
    %load/vec4 v0x55b9a2af6ed0_0;
    %addi 1, 0, 32;
    %ix/vec4/s 3;
    %load/dar/vec4 v0x55b9a2af7270_0;
    %jmp/1 T_0.7, 8;
T_0.6 ; End of true expr.
    %pushi/vec4 0, 0, 8;
    %jmp/0 T_0.7, 8;
 ; End of false expr.
    %blend;
T_0.7;
    %ix/load 4, 8, 0;
    %flag_set/imm 4, 0;
    %store/vec4 v0x55b9a2af6dd0_0, 4, 8;
    %load/vec4 v0x55b9a2af6ed0_0;
    %addi 2, 0, 32;
    %vpi_func 3 66 "$size" 32, v0x55b9a2af7270_0 {0 0 0};
    %cmp/s;
    %flag_mov 8, 5;
    %jmp/0 T_0.8, 8;
    %load/vec4 v0x55b9a2af6ed0_0;
    %addi 2, 0, 32;
    %ix/vec4/s 3;
    %load/dar/vec4 v0x55b9a2af7270_0;
    %jmp/1 T_0.9, 8;
T_0.8 ; End of true expr.
    %pushi/vec4 0, 0, 8;
    %jmp/0 T_0.9, 8;
 ; End of false expr.
    %blend;
T_0.9;
    %ix/load 4, 16, 0;
    %flag_set/imm 4, 0;
    %store/vec4 v0x55b9a2af6dd0_0, 4, 8;
    %load/vec4 v0x55b9a2af6ed0_0;
    %addi 3, 0, 32;
    %vpi_func 3 67 "$size" 32, v0x55b9a2af7270_0 {0 0 0};
    %cmp/s;
    %flag_mov 8, 5;
    %jmp/0 T_0.10, 8;
    %load/vec4 v0x55b9a2af6ed0_0;
    %addi 3, 0, 32;
    %ix/vec4/s 3;
    %load/dar/vec4 v0x55b9a2af7270_0;
    %jmp/1 T_0.11, 8;
T_0.10 ; End of true expr.
    %pushi/vec4 0, 0, 8;
    %jmp/0 T_0.11, 8;
 ; End of false expr.
    %blend;
T_0.11;
    %ix/load 4, 24, 0;
    %flag_set/imm 4, 0;
    %store/vec4 v0x55b9a2af6dd0_0, 4, 8;
    %load/vec4 v0x55b9a2af6dd0_0;
    %assign/vec4 v0x55b9a2af76c0_0, 0;
    %vpi_func 3 70 "$size" 32, v0x55b9a2af7270_0 {0 0 0};
    %load/vec4 v0x55b9a2af6ed0_0;
    %addi 4, 0, 32;
    %cmp/s;
    %flag_or 5, 4;
    %jmp/0xz  T_0.12, 5;
    %pushi/vec4 1, 0, 1;
    %assign/vec4 v0x55b9a2af7760_0, 0;
T_0.12 ;
    %wait E_0x55b9a2aa3b50;
    %end;
    .scope S_0x55b9a2af69b0;
t_2 %join;
    ; show_stmt_assign_vector: Get l-value for compressed += operand
    %load/vec4 v0x55b9a2af6ed0_0;
    %pushi/vec4 4, 0, 32;
    %add;
    %cast2;
    %store/vec4 v0x55b9a2af6ed0_0, 0, 32;
    %jmp T_0.2;
T_0.3 ;
    %end;
    .scope S_0x55b9a2af6820;
t_0 %join;
    %pushi/vec4 0, 0, 1;
    %assign/vec4 v0x55b9a2af78f0_0, 0;
    %pushi/vec4 0, 0, 1;
    %assign/vec4 v0x55b9a2af7760_0, 0;
    %end;
S_0x55b9a2af69b0 .scope begin, "$ivl_for_loop0" "$ivl_for_loop0" 3 62, 3 62 0, S_0x55b9a2af6820;
 .timescale -9 -12;
v0x55b9a2af6ed0_0 .var/2s "i", 31 0;
S_0x55b9a2af6b90 .scope begin, "$unm_blk_56" "$unm_blk_56" 3 62, 3 62 0, S_0x55b9a2af69b0;
 .timescale -9 -12;
v0x55b9a2af6dd0_0 .var "pdata", 31 0;
E_0x55b9a2aa3b50 .event posedge, v0x55b9a2ace9f0_0;
    .scope S_0x55b9a2af6b90;
T_1 ;
    %pushi/vec4 0, 0, 32;
    %store/vec4 v0x55b9a2af6dd0_0, 0, 32;
    %end;
    .thread T_1, $init;
    .scope S_0x55b9a2af5200;
T_2 ;
    %wait E_0x55b9a2aa3800;
    %load/vec4 v0x55b9a2af5a60_0;
    %nor/r;
    %flag_set/vec4 8;
    %jmp/0xz  T_2.0, 8;
    %pushi/vec4 1, 0, 4;
    %assign/vec4 v0x55b9a2af64c0_0, 0;
    %jmp T_2.1;
T_2.0 ;
    %load/vec4 v0x55b9a2af5cc0_0;
    %assign/vec4 v0x55b9a2af64c0_0, 0;
T_2.1 ;
    %jmp T_2;
    .thread T_2;
    .scope S_0x55b9a2af5200;
T_3 ;
    %wait E_0x55b9a2aa3330;
    %load/vec4 v0x55b9a2af64c0_0;
    %dup/vec4;
    %pushi/vec4 1, 0, 4;
    %cmp/u;
    %jmp/1 T_3.0, 6;
    %dup/vec4;
    %pushi/vec4 2, 0, 4;
    %cmp/u;
    %jmp/1 T_3.1, 6;
    %dup/vec4;
    %pushi/vec4 4, 0, 4;
    %cmp/u;
    %jmp/1 T_3.2, 6;
    %dup/vec4;
    %pushi/vec4 8, 0, 4;
    %cmp/u;
    %jmp/1 T_3.3, 6;
    %pushi/vec4 1, 0, 4;
    %store/vec4 v0x55b9a2af5cc0_0, 0, 4;
    %jmp T_3.5;
T_3.0 ;
    %load/vec4 v0x55b9a2af5b20_0;
    %flag_set/vec4 8;
    %jmp/0xz  T_3.6, 8;
    %pushi/vec4 2, 0, 4;
    %store/vec4 v0x55b9a2af5cc0_0, 0, 4;
    %jmp T_3.7;
T_3.6 ;
    %pushi/vec4 1, 0, 4;
    %store/vec4 v0x55b9a2af5cc0_0, 0, 4;
T_3.7 ;
    %jmp T_3.5;
T_3.1 ;
    %pushi/vec4 4, 0, 4;
    %store/vec4 v0x55b9a2af5cc0_0, 0, 4;
    %jmp T_3.5;
T_3.2 ;
    %load/vec4 v0x55b9a2af5890_0;
    %flag_set/vec4 8;
    %jmp/0xz  T_3.8, 8;
    %pushi/vec4 8, 0, 4;
    %store/vec4 v0x55b9a2af5cc0_0, 0, 4;
    %jmp T_3.9;
T_3.8 ;
    %pushi/vec4 4, 0, 4;
    %store/vec4 v0x55b9a2af5cc0_0, 0, 4;
T_3.9 ;
    %jmp T_3.5;
T_3.3 ;
    %load/vec4 v0x55b9a2af59a0_0;
    %flag_set/vec4 8;
    %jmp/0xz  T_3.10, 8;
    %pushi/vec4 1, 0, 4;
    %store/vec4 v0x55b9a2af5cc0_0, 0, 4;
    %jmp T_3.11;
T_3.10 ;
    %pushi/vec4 8, 0, 4;
    %store/vec4 v0x55b9a2af5cc0_0, 0, 4;
T_3.11 ;
    %jmp T_3.5;
T_3.5 ;
    %pop/vec4 1;
    %jmp T_3;
    .thread T_3, $push;
    .scope S_0x55b9a2af5200;
T_4 ;
    %wait E_0x55b9a2aa3800;
    %load/vec4 v0x55b9a2af5a60_0;
    %nor/r;
    %flag_set/vec4 8;
    %jmp/0xz  T_4.0, 8;
    %pushi/vec4 1, 0, 1;
    %assign/vec4 v0x55b9a2af60c0_0, 0;
    %pushi/vec4 0, 0, 1;
    %assign/vec4 v0x55b9a2af6180_0, 0;
    %jmp T_4.1;
T_4.0 ;
    %load/vec4 v0x55b9a2af64c0_0;
    %dup/vec4;
    %pushi/vec4 1, 0, 4;
    %cmp/u;
    %jmp/1 T_4.2, 6;
    %dup/vec4;
    %pushi/vec4 2, 0, 4;
    %cmp/u;
    %jmp/1 T_4.3, 6;
    %dup/vec4;
    %pushi/vec4 4, 0, 4;
    %cmp/u;
    %jmp/1 T_4.4, 6;
    %dup/vec4;
    %pushi/vec4 8, 0, 4;
    %cmp/u;
    %jmp/1 T_4.5, 6;
    %pushi/vec4 0, 0, 1;
    %assign/vec4 v0x55b9a2af60c0_0, 0;
    %pushi/vec4 0, 0, 1;
    %assign/vec4 v0x55b9a2af6180_0, 0;
    %jmp T_4.7;
T_4.2 ;
    %pushi/vec4 1, 0, 1;
    %assign/vec4 v0x55b9a2af60c0_0, 0;
    %pushi/vec4 0, 0, 1;
    %assign/vec4 v0x55b9a2af6180_0, 0;
    %jmp T_4.7;
T_4.3 ;
    %pushi/vec4 1, 0, 1;
    %assign/vec4 v0x55b9a2af60c0_0, 0;
    %pushi/vec4 0, 0, 1;
    %assign/vec4 v0x55b9a2af6180_0, 0;
    %jmp T_4.7;
T_4.4 ;
    %pushi/vec4 1, 0, 1;
    %assign/vec4 v0x55b9a2af60c0_0, 0;
    %load/vec4 v0x55b9a2af5890_0;
    %flag_set/vec4 8;
    %jmp/0xz  T_4.8, 8;
    %pushi/vec4 1, 0, 1;
    %assign/vec4 v0x55b9a2af6180_0, 0;
    %jmp T_4.9;
T_4.8 ;
    %pushi/vec4 0, 0, 1;
    %assign/vec4 v0x55b9a2af6180_0, 0;
T_4.9 ;
    %jmp T_4.7;
T_4.5 ;
    %load/vec4 v0x55b9a2af59a0_0;
    %flag_set/vec4 8;
    %jmp/0xz  T_4.10, 8;
    %pushi/vec4 0, 0, 1;
    %assign/vec4 v0x55b9a2af6180_0, 0;
    %pushi/vec4 1, 0, 1;
    %assign/vec4 v0x55b9a2af60c0_0, 0;
    %jmp T_4.11;
T_4.10 ;
    %pushi/vec4 1, 0, 1;
    %assign/vec4 v0x55b9a2af6180_0, 0;
    %pushi/vec4 0, 0, 1;
    %assign/vec4 v0x55b9a2af60c0_0, 0;
T_4.11 ;
    %jmp T_4.7;
T_4.7 ;
    %pop/vec4 1;
T_4.1 ;
    %jmp T_4;
    .thread T_4;
    .scope S_0x55b9a2af5200;
T_5 ;
    %wait E_0x55b9a2aa3800;
    %load/vec4 v0x55b9a2af5a60_0;
    %nor/r;
    %flag_set/vec4 8;
    %jmp/0xz  T_5.0, 8;
    %pushi/vec4 0, 0, 296;
    %assign/vec4 v0x55b9a2af5da0_0, 0;
    %pushi/vec4 0, 0, 16;
    %assign/vec4 v0x55b9a2af5be0_0, 0;
    %pushi/vec4 0, 0, 16;
    %assign/vec4 v0x55b9a2af65a0_0, 0;
    %pushi/vec4 0, 0, 32;
    %assign/vec4 v0x55b9a2af6300_0, 0;
    %pushi/vec4 0, 0, 296;
    %assign/vec4 v0x55b9a2af63e0_0, 0;
    %jmp T_5.1;
T_5.0 ;
    %load/vec4 v0x55b9a2af64c0_0;
    %dup/vec4;
    %pushi/vec4 1, 0, 4;
    %cmp/u;
    %jmp/1 T_5.2, 6;
    %dup/vec4;
    %pushi/vec4 2, 0, 4;
    %cmp/u;
    %jmp/1 T_5.3, 6;
    %dup/vec4;
    %pushi/vec4 4, 0, 4;
    %cmp/u;
    %jmp/1 T_5.4, 6;
    %dup/vec4;
    %pushi/vec4 8, 0, 4;
    %cmp/u;
    %jmp/1 T_5.5, 6;
    %pushi/vec4 0, 0, 296;
    %assign/vec4 v0x55b9a2af5da0_0, 0;
    %pushi/vec4 0, 0, 16;
    %assign/vec4 v0x55b9a2af5be0_0, 0;
    %pushi/vec4 0, 0, 16;
    %assign/vec4 v0x55b9a2af65a0_0, 0;
    %pushi/vec4 0, 0, 32;
    %assign/vec4 v0x55b9a2af6300_0, 0;
    %pushi/vec4 0, 0, 296;
    %assign/vec4 v0x55b9a2af63e0_0, 0;
    %jmp T_5.7;
T_5.2 ;
    %pushi/vec4 0, 0, 296;
    %assign/vec4 v0x55b9a2af63e0_0, 0;
    %load/vec4 v0x55b9a2af5b20_0;
    %flag_set/vec4 9;
    %flag_get/vec4 9;
    %jmp/0 T_5.10, 9;
    %load/vec4 v0x55b9a2af60c0_0;
    %and;
T_5.10;
    %flag_set/vec4 8;
    %jmp/0xz  T_5.8, 8;
    %load/vec4 v0x55b9a2af57b0_0;
    %parti/s 8, 16, 6;
    %load/vec4 v0x55b9a2af57b0_0;
    %parti/s 8, 24, 6;
    %concat/vec4; draw_concat_vec4
    %assign/vec4 v0x55b9a2af5be0_0, 0;
    %load/vec4 v0x55b9a2af57b0_0;
    %parti/s 8, 0, 2;
    %load/vec4 v0x55b9a2af57b0_0;
    %parti/s 8, 8, 5;
    %concat/vec4; draw_concat_vec4
    %assign/vec4 v0x55b9a2af65a0_0, 0;
    %jmp T_5.9;
T_5.8 ;
    %pushi/vec4 0, 0, 16;
    %assign/vec4 v0x55b9a2af5be0_0, 0;
    %pushi/vec4 0, 0, 16;
    %assign/vec4 v0x55b9a2af65a0_0, 0;
T_5.9 ;
    %jmp T_5.7;
T_5.3 ;
    %load/vec4 v0x55b9a2af57b0_0;
    %parti/s 8, 0, 2;
    %load/vec4 v0x55b9a2af57b0_0;
    %parti/s 8, 8, 5;
    %concat/vec4; draw_concat_vec4
    %load/vec4 v0x55b9a2af57b0_0;
    %parti/s 8, 16, 6;
    %concat/vec4; draw_concat_vec4
    %load/vec4 v0x55b9a2af57b0_0;
    %parti/s 8, 24, 6;
    %concat/vec4; draw_concat_vec4
    %assign/vec4 v0x55b9a2af6300_0, 0;
    %jmp T_5.7;
T_5.4 ;
    %load/vec4 v0x55b9a2af63e0_0;
    %parti/s 264, 0, 2;
    %load/vec4 v0x55b9a2af57b0_0;
    %concat/vec4; draw_concat_vec4
    %assign/vec4 v0x55b9a2af63e0_0, 0;
    %jmp T_5.7;
T_5.5 ;
    %load/vec4 v0x55b9a2af59a0_0;
    %flag_set/vec4 8;
    %jmp/0xz  T_5.11, 8;
    %load/vec4 v0x55b9a2af63e0_0;
    %assign/vec4 v0x55b9a2af5da0_0, 0;
    %jmp T_5.12;
T_5.11 ;
    %load/vec4 v0x55b9a2af5da0_0;
    %assign/vec4 v0x55b9a2af5da0_0, 0;
T_5.12 ;
    %jmp T_5.7;
T_5.7 ;
    %pop/vec4 1;
T_5.1 ;
    %jmp T_5;
    .thread T_5;
    .scope S_0x55b9a2af5200;
T_6 ;
    %wait E_0x55b9a2aa3800;
    %load/vec4 v0x55b9a2af5a60_0;
    %nor/r;
    %flag_set/vec4 8;
    %jmp/0xz  T_6.0, 8;
    %pushi/vec4 0, 0, 32;
    %store/vec4 v0x55b9a2ace950_0, 0, 32;
T_6.2 ;
    %load/vec4 v0x55b9a2ace950_0;
    %cmpi/s 32, 0, 32;
    %jmp/0xz T_6.3, 5;
    %pushi/vec4 0, 0, 32;
    %ix/getv/s 3, v0x55b9a2ace950_0;
    %ix/load 4, 0, 0; Constant delay
    %assign/vec4/a/d v0x55b9a2af6240, 0, 4;
    %load/vec4 v0x55b9a2ace950_0;
    %addi 1, 0, 32;
    %store/vec4 v0x55b9a2ace950_0, 0, 32;
    %jmp T_6.2;
T_6.3 ;
    %jmp T_6.1;
T_6.0 ;
    %load/vec4 v0x55b9a2af64c0_0;
    %dup/vec4;
    %pushi/vec4 1, 0, 4;
    %cmp/u;
    %jmp/1 T_6.4, 6;
    %dup/vec4;
    %pushi/vec4 2, 0, 4;
    %cmp/u;
    %jmp/1 T_6.5, 6;
    %dup/vec4;
    %pushi/vec4 4, 0, 4;
    %cmp/u;
    %jmp/1 T_6.6, 6;
    %dup/vec4;
    %pushi/vec4 8, 0, 4;
    %cmp/u;
    %jmp/1 T_6.7, 6;
    %pushi/vec4 0, 0, 32;
    %store/vec4 v0x55b9a2ace950_0, 0, 32;
T_6.10 ;
    %load/vec4 v0x55b9a2ace950_0;
    %cmpi/s 32, 0, 32;
    %jmp/0xz T_6.11, 5;
    %pushi/vec4 0, 0, 32;
    %ix/getv/s 3, v0x55b9a2ace950_0;
    %ix/load 4, 0, 0; Constant delay
    %assign/vec4/a/d v0x55b9a2af6240, 0, 4;
    %load/vec4 v0x55b9a2ace950_0;
    %addi 1, 0, 32;
    %store/vec4 v0x55b9a2ace950_0, 0, 32;
    %jmp T_6.10;
T_6.11 ;
    %jmp T_6.9;
T_6.4 ;
    %pushi/vec4 0, 0, 1;
    %assign/vec4 v0x55b9a2af5f40_0, 0;
    %jmp T_6.9;
T_6.5 ;
    %pushi/vec4 0, 0, 1;
    %assign/vec4 v0x55b9a2af5f40_0, 0;
    %load/vec4 v0x55b9a2af65a0_0;
    %pad/u 32;
    %subi 1, 0, 32;
    %ix/vec4 4;
    %load/vec4a v0x55b9a2af6240, 4;
    %addi 1, 0, 32;
    %load/vec4 v0x55b9a2af65a0_0;
    %pad/u 32;
    %subi 1, 0, 32;
    %ix/vec4 3;
    %ix/load 4, 0, 0; Constant delay
    %assign/vec4/a/d v0x55b9a2af6240, 0, 4;
    %jmp T_6.9;
T_6.6 ;
    %load/vec4 v0x55b9a2af65a0_0;
    %pad/u 32;
    %subi 1, 0, 32;
    %ix/vec4 4;
    %load/vec4a v0x55b9a2af6240, 4;
    %load/vec4 v0x55b9a2af6300_0;
    %cmp/e;
    %jmp/0xz  T_6.12, 4;
    %pushi/vec4 0, 0, 1;
    %assign/vec4 v0x55b9a2af5f40_0, 0;
    %jmp T_6.13;
T_6.12 ;
    %pushi/vec4 1, 0, 1;
    %assign/vec4 v0x55b9a2af5f40_0, 0;
T_6.13 ;
    %jmp T_6.9;
T_6.7 ;
    %pushi/vec4 0, 0, 1;
    %assign/vec4 v0x55b9a2af5f40_0, 0;
    %jmp T_6.9;
T_6.9 ;
    %pop/vec4 1;
T_6.1 ;
    %jmp T_6;
    .thread T_6;
    .scope S_0x55b9a2af5200;
T_7 ;
    %wait E_0x55b9a2aa3800;
    %load/vec4 v0x55b9a2af5a60_0;
    %nor/r;
    %flag_set/vec4 8;
    %jmp/0xz  T_7.0, 8;
    %pushi/vec4 0, 0, 1;
    %assign/vec4 v0x55b9a2af6000_0, 0;
    %jmp T_7.1;
T_7.0 ;
    %load/vec4 v0x55b9a2af5f40_0;
    %assign/vec4 v0x55b9a2af6000_0, 0;
T_7.1 ;
    %jmp T_7;
    .thread T_7;
    .scope S_0x55b9a2abb880;
T_8 ;
    %pushi/vec4 0, 0, 32;
    %store/vec4 v0x55b9a2af7600_0, 0, 32;
    %pushi/vec4 0, 0, 32;
    %store/vec4 v0x55b9a2af7d00_0, 0, 32;
    %end;
    .thread T_8, $init;
    .scope S_0x55b9a2abb880;
T_9 ;
    %pushi/vec4 0, 0, 1;
    %store/vec4 v0x55b9a2af7540_0, 0, 1;
T_9.0 ;
    %delay 5000, 0;
    %load/vec4 v0x55b9a2af7540_0;
    %inv;
    %store/vec4 v0x55b9a2af7540_0, 0, 1;
    %jmp T_9.0;
    %end;
    .thread T_9;
    .scope S_0x55b9a2abb880;
T_10 ;
    %wait E_0x55b9a2aa3b50;
    %load/vec4 v0x55b9a2af7c30_0;
    %flag_set/vec4 9;
    %flag_get/vec4 9;
    %jmp/0 T_10.2, 9;
    %load/vec4 v0x55b9a2af7800_0;
    %and;
T_10.2;
    %flag_set/vec4 8;
    %jmp/0xz  T_10.0, 8;
    %vpi_call/w 3 81 "$display", "[%0t] SCOREBOARD: Received output payload transaction.", $time {0 0 0};
    ; show_stmt_assign_vector: Get l-value for compressed += operand
    %load/vec4 v0x55b9a2af7d00_0;
    %pushi/vec4 1, 0, 32;
    %add;
    %cast2;
    %store/vec4 v0x55b9a2af7d00_0, 0, 32;
T_10.0 ;
    %load/vec4 v0x55b9a2af7a90_0;
    %flag_set/vec4 8;
    %jmp/0xz  T_10.3, 8;
    %vpi_call/w 3 85 "$display", "[%0t] SCOREBOARD: Packet Lost detected!", $time {0 0 0};
T_10.3 ;
    %jmp T_10;
    .thread T_10;
    .scope S_0x55b9a2abb880;
T_11 ;
    %fork t_5, S_0x55b9a2a68490;
    %jmp t_4;
    .scope S_0x55b9a2a68490;
t_5 ;
    %pushi/vec4 0, 0, 1;
    %store/vec4 v0x55b9a2af7da0_0, 0, 1;
    %pushi/vec4 0, 0, 32;
    %store/vec4 v0x55b9a2af76c0_0, 0, 32;
    %pushi/vec4 0, 0, 1;
    %store/vec4 v0x55b9a2af78f0_0, 0, 1;
    %pushi/vec4 1, 0, 1;
    %store/vec4 v0x55b9a2af7800_0, 0, 1;
    %pushi/vec4 0, 0, 1;
    %store/vec4 v0x55b9a2af7760_0, 0, 1;
    %delay 20000, 0;
    %pushi/vec4 1, 0, 1;
    %store/vec4 v0x55b9a2af7da0_0, 0, 1;
    %fork t_7, S_0x55b9a2a68670;
    %jmp t_6;
    .scope S_0x55b9a2a68670;
t_7 ;
    %pushi/vec4 1, 0, 32;
    %store/vec4 v0x55b9a2a9cf60_0, 0, 32;
T_11.0 ;
    %load/vec4 v0x55b9a2a9cf60_0;
    %cmpi/s 5, 0, 32;
    %flag_or 5, 4;
    %jmp/0xz T_11.1, 5;
    %ix/load 4, 16, 0;
    %flag_set/imm 4, 0;
    %new/darray 4, "v8";
    %store/obj v0x55b9a2acb8a0_0; packet_handler_tb_sv.sv:102: payload = new ...
    %fork t_9, S_0x55b9a2ad6330;
    %jmp t_8;
    .scope S_0x55b9a2ad6330;
t_9 ;
    %vpi_func 3 103 "$low" 32, v0x55b9a2acb8a0_0 {0 0 0};
    %store/vec4 v0x55b9a2a99f20_0, 0, 32;
T_11.2 ;
    %load/vec4 v0x55b9a2a99f20_0;
    %vpi_func 3 103 "$high" 32, v0x55b9a2acb8a0_0 {0 0 0};
    %cmp/s;
    %flag_or 5, 4;
    %jmp/0xz T_11.3, 5;
    %load/vec4 v0x55b9a2a99f20_0;
    %pad/s 8;
    %ix/getv/s 3, v0x55b9a2a99f20_0;
    %store/dar/vec4 v0x55b9a2acb8a0_0;
    ; show_stmt_assign_vector: Get l-value for compressed += operand
    %load/vec4 v0x55b9a2a99f20_0;
    %pushi/vec4 1, 0, 32;
    %add;
    %cast2;
    %store/vec4 v0x55b9a2a99f20_0, 0, 32;
    %jmp T_11.2;
T_11.3 ;
    %end;
    .scope S_0x55b9a2a68670;
t_8 %join;
    %pushi/vec4 24, 0, 32;
    %store/vec4 v0x55b9a2af71b0_0, 0, 32;
    %pushi/vec4 15, 0, 32;
    %store/vec4 v0x55b9a2af7460_0, 0, 32;
    %load/vec4 v0x55b9a2a9cf60_0;
    %store/vec4 v0x55b9a2af7330_0, 0, 32;
    %load/obj v0x55b9a2acb8a0_0;
    %dup/obj;
    %store/obj v0x55b9a2af7270_0; packet_handler_tb_sv.sv:104: payload = <signal>
    %pop/obj 1, 0;
    %fork TD_packet_handler_tb_sv.send_packet, S_0x55b9a2af6820;
    %join;
    ; show_stmt_assign_vector: Get l-value for compressed += operand
    %load/vec4 v0x55b9a2a9cf60_0;
    %pushi/vec4 1, 0, 32;
    %add;
    %cast2;
    %store/vec4 v0x55b9a2a9cf60_0, 0, 32;
    %jmp T_11.0;
T_11.1 ;
    %end;
    .scope S_0x55b9a2a68490;
t_6 %join;
    %ix/load 4, 8, 0;
    %flag_set/imm 4, 0;
    %new/darray 4, "v8";
    %store/obj v0x55b9a2acb8a0_0; packet_handler_tb_sv.sv:108: payload = new ...
    %fork t_11, S_0x55b9a2af4f80;
    %jmp t_10;
    .scope S_0x55b9a2af4f80;
t_11 ;
    %vpi_func 3 109 "$low" 32, v0x55b9a2acb8a0_0 {0 0 0};
    %store/vec4 v0x55b9a2a9d000_0, 0, 32;
T_11.4 ;
    %load/vec4 v0x55b9a2a9d000_0;
    %vpi_func 3 109 "$high" 32, v0x55b9a2acb8a0_0 {0 0 0};
    %cmp/s;
    %flag_or 5, 4;
    %jmp/0xz T_11.5, 5;
    %pushi/vec4 255, 0, 8;
    %ix/getv/s 3, v0x55b9a2a9d000_0;
    %store/dar/vec4 v0x55b9a2acb8a0_0;
    ; show_stmt_assign_vector: Get l-value for compressed += operand
    %load/vec4 v0x55b9a2a9d000_0;
    %pushi/vec4 1, 0, 32;
    %add;
    %cast2;
    %store/vec4 v0x55b9a2a9d000_0, 0, 32;
    %jmp T_11.4;
T_11.5 ;
    %end;
    .scope S_0x55b9a2a68490;
t_10 %join;
    %pushi/vec4 16, 0, 32;
    %store/vec4 v0x55b9a2af71b0_0, 0, 32;
    %pushi/vec4 15, 0, 32;
    %store/vec4 v0x55b9a2af7460_0, 0, 32;
    %pushi/vec4 7, 0, 32;
    %store/vec4 v0x55b9a2af7330_0, 0, 32;
    %load/obj v0x55b9a2acb8a0_0;
    %dup/obj;
    %store/obj v0x55b9a2af7270_0; packet_handler_tb_sv.sv:110: payload = <signal>
    %pop/obj 1, 0;
    %fork TD_packet_handler_tb_sv.send_packet, S_0x55b9a2af6820;
    %join;
    %delay 100000, 0;
    %vpi_call/w 3 115 "$display", "--------------------------------" {0 0 0};
    %vpi_call/w 3 116 "$display", "Test finished. Packets received: %0d, Errors: %0d", v0x55b9a2af7d00_0, v0x55b9a2af7600_0 {0 0 0};
    %load/vec4 v0x55b9a2af7600_0;
    %cmpi/e 0, 0, 32;
    %jmp/0xz  T_11.6, 4;
    %vpi_call/w 3 117 "$display", "STATUS: PASSED" {0 0 0};
    %jmp T_11.7;
T_11.6 ;
    %vpi_call/w 3 118 "$display", "STATUS: FAILED" {0 0 0};
T_11.7 ;
    %vpi_call/w 3 119 "$display", "--------------------------------" {0 0 0};
    %vpi_call/w 3 120 "$finish" {0 0 0};
    %end;
    .scope S_0x55b9a2abb880;
t_4 %join;
    %end;
    .thread T_11;
# The file index is used to find the file name in the following table.
:file_names 5;
    "N/A";
    "<interactive>";
    "-";
    "packet_handler_tb_sv.sv";
    "packet_handler.v";
