#! /usr/bin/vvp
:ivl_version "12.0 (stable)";
:ivl_delay_selection "TYPICAL";
:vpi_time_precision - 12;
:vpi_module "/usr/lib/x86_64-linux-gnu/ivl/system.vpi";
:vpi_module "/usr/lib/x86_64-linux-gnu/ivl/vhdl_sys.vpi";
:vpi_module "/usr/lib/x86_64-linux-gnu/ivl/vhdl_textio.vpi";
:vpi_module "/usr/lib/x86_64-linux-gnu/ivl/v2005_math.vpi";
:vpi_module "/usr/lib/x86_64-linux-gnu/ivl/va_math.vpi";
:vpi_module "/usr/lib/x86_64-linux-gnu/ivl/v2009.vpi";
S_0x55db9ddae2e0 .scope package, "$unit" "$unit" 2 1;
 .timescale 0 0;
S_0x55db9ddabee0 .scope module, "tb_basic_sv" "tb_basic_sv" 3 4;
 .timescale -9 -12;
v0x55db9ddf1d60_0 .var "clk", 0 0;
v0x55db9ddf1e20_0 .var/2s "error_count", 31 0;
v0x55db9ddf1ee0_0 .var "i_data", 31 0;
v0x55db9ddf1fe0_0 .var "i_last", 0 0;
v0x55db9ddf20b0_0 .var "i_ready", 0 0;
v0x55db9ddf21a0_0 .var "i_valid", 0 0;
v0x55db9ddf2270_0 .net "o_data", 295 0, v0x55db9dde0550_0;  1 drivers
v0x55db9ddf2340_0 .net "o_packetLost", 0 0, L_0x55db9de035d0;  1 drivers
v0x55db9ddf2410_0 .net "o_ready", 0 0, L_0x55db9ddafcd0;  1 drivers
v0x55db9ddf24e0_0 .net "o_valid", 0 0, v0x55db9dde07b0_0;  1 drivers
v0x55db9ddf25b0_0 .var/2s "pkt_count", 31 0;
v0x55db9ddf2650_0 .var "rst_n", 0 0;
S_0x55db9dd9abb0 .scope begin, "$unm_blk_37" "$unm_blk_37" 3 106, 3 106 0, S_0x55db9ddabee0;
 .timescale -9 -12;
v0x55db9ddb29d0_0 .var/darray "payload", 8;
S_0x55db9dd9ad90 .scope begin, "$ivl_for_loop1" "$ivl_for_loop1" 3 117, 3 117 0, S_0x55db9dd9abb0;
 .timescale -9 -12;
v0x55db9ddaff40_0 .var/2s "i", 31 0;
S_0x55db9dd43490 .scope begin, "$ivl_foreach0" "$ivl_foreach0" 3 120, 3 120 0, S_0x55db9dd9ad90;
 .timescale -9 -12;
v0x55db9ddafe70_0 .var/2s "k", 31 0;
S_0x55db9dddd180 .scope begin, "$ivl_foreach1" "$ivl_foreach1" 3 127, 3 127 0, S_0x55db9dd9abb0;
 .timescale -9 -12;
v0x55db9ddb0620_0 .var/2s "k", 31 0;
S_0x55db9dddd400 .scope module, "dut" "packet_handler" 3 37, 4 24 0, S_0x55db9ddabee0;
 .timescale 0 0;
    .port_info 0 /INPUT 1 "i_clk";
    .port_info 1 /INPUT 1 "i_rst_n";
    .port_info 2 /INPUT 32 "i_data";
    .port_info 3 /INPUT 1 "i_valid";
    .port_info 4 /INPUT 1 "i_last";
    .port_info 5 /OUTPUT 1 "o_ready";
    .port_info 6 /OUTPUT 296 "o_data";
    .port_info 7 /OUTPUT 1 "o_valid";
    .port_info 8 /INPUT 1 "i_ready";
    .port_info 9 /OUTPUT 1 "o_packetLost";
P_0x55db9dddd600 .param/l "DATA" 1 4 168, C4<0100>;
P_0x55db9dddd640 .param/l "DONE" 1 4 169, C4<1000>;
P_0x55db9dddd680 .param/l "FIFO_AW" 1 4 48, +C4<00000000000000000000000000001000>;
P_0x55db9dddd6c0 .param/l "FIFO_DEPTH" 1 4 47, +C4<00000000000000000000000100000000>;
P_0x55db9dddd700 .param/l "HEADER" 1 4 167, C4<0010>;
P_0x55db9dddd740 .param/l "IDLE" 1 4 166, C4<0001>;
P_0x55db9dddd780 .param/l "IN_DATA" 1 4 106, C4<10>;
P_0x55db9dddd7c0 .param/l "IN_W1" 1 4 104, C4<00>;
P_0x55db9dddd800 .param/l "IN_W2" 1 4 105, C4<01>;
P_0x55db9dddd840 .param/l "NUM_STREAMS" 1 4 101, +C4<00000000000000000000000000100000>;
P_0x55db9dddd880 .param/l "STREAM_IDX_W" 1 4 102, +C4<00000000000000000000000000000101>;
L_0x55db9dd73310 .functor NOT 1, L_0x55db9de02860, C4<0>, C4<0>, C4<0>;
L_0x55db9dd735d0 .functor NOT 1, L_0x55db9ddf2720, C4<0>, C4<0>, C4<0>;
L_0x55db9dd76090 .functor AND 1, v0x55db9ddf21a0_0, L_0x55db9dd735d0, C4<1>, C4<1>;
L_0x55db9ddafcd0 .functor NOT 1, L_0x55db9ddf2720, C4<0>, C4<0>, C4<0>;
L_0x55db9de035d0 .functor BUFZ 1, v0x55db9dddff50_0, C4<0>, C4<0>, C4<0>;
L_0x55db9ddb0500 .functor OR 1, L_0x55db9de03b50, L_0x55db9de03cd0, C4<0>, C4<0>;
L_0x55db9ddb28b0 .functor OR 1, L_0x55db9ddb0500, L_0x55db9de03ef0, C4<0>, C4<0>;
L_0x55db9ddb2eb0 .functor AND 1, L_0x55db9ddb28b0, L_0x55db9dd73310, C4<1>, C4<1>;
v0x55db9ddb2a70_0 .net *"_ivl_14", 32 0, L_0x55db9de02b40;  1 drivers
v0x55db9ddb2fd0_0 .net *"_ivl_16", 9 0, L_0x55db9de02be0;  1 drivers
L_0x7f32a0570060 .functor BUFT 1, C4<00>, C4<0>, C4<0>, C4<0>;
v0x55db9ddb3070_0 .net *"_ivl_19", 1 0, L_0x7f32a0570060;  1 drivers
L_0x7f32a0570018 .functor BUFT 1, C4<000000000>, C4<0>, C4<0>, C4<0>;
v0x55db9ddddf50_0 .net/2u *"_ivl_2", 8 0, L_0x7f32a0570018;  1 drivers
v0x55db9ddde030_0 .net *"_ivl_22", 32 0, L_0x55db9de02e40;  1 drivers
v0x55db9ddde160_0 .net *"_ivl_24", 9 0, L_0x55db9de02f20;  1 drivers
L_0x7f32a05700a8 .functor BUFT 1, C4<00>, C4<0>, C4<0>, C4<0>;
v0x55db9ddde240_0 .net *"_ivl_27", 1 0, L_0x7f32a05700a8;  1 drivers
v0x55db9ddde320_0 .net *"_ivl_31", 4 0, L_0x55db9de031f0;  1 drivers
L_0x7f32a05700f0 .functor BUFT 1, C4<00001>, C4<0>, C4<0>, C4<0>;
v0x55db9ddde400_0 .net/2u *"_ivl_32", 4 0, L_0x7f32a05700f0;  1 drivers
v0x55db9ddde4e0_0 .net *"_ivl_37", 7 0, L_0x55db9de03490;  1 drivers
v0x55db9ddde5c0_0 .net *"_ivl_39", 7 0, L_0x55db9de03530;  1 drivers
v0x55db9ddde6a0_0 .net *"_ivl_41", 7 0, L_0x55db9de03640;  1 drivers
v0x55db9ddde780_0 .net *"_ivl_43", 7 0, L_0x55db9de03770;  1 drivers
L_0x7f32a0570138 .functor BUFT 1, C4<0001>, C4<0>, C4<0>, C4<0>;
v0x55db9ddde860_0 .net/2u *"_ivl_48", 3 0, L_0x7f32a0570138;  1 drivers
v0x55db9ddde940_0 .net *"_ivl_50", 0 0, L_0x55db9de03b50;  1 drivers
L_0x7f32a0570180 .functor BUFT 1, C4<0010>, C4<0>, C4<0>, C4<0>;
v0x55db9dddea00_0 .net/2u *"_ivl_52", 3 0, L_0x7f32a0570180;  1 drivers
v0x55db9dddeae0_0 .net *"_ivl_54", 0 0, L_0x55db9de03cd0;  1 drivers
v0x55db9dddeba0_0 .net *"_ivl_56", 0 0, L_0x55db9ddb0500;  1 drivers
L_0x7f32a05701c8 .functor BUFT 1, C4<0100>, C4<0>, C4<0>, C4<0>;
v0x55db9dddec80_0 .net/2u *"_ivl_58", 3 0, L_0x7f32a05701c8;  1 drivers
v0x55db9ddded60_0 .net *"_ivl_60", 0 0, L_0x55db9de03ef0;  1 drivers
v0x55db9dddee20_0 .net *"_ivl_62", 0 0, L_0x55db9ddb28b0;  1 drivers
v0x55db9dddef00_0 .net *"_ivl_8", 0 0, L_0x55db9dd735d0;  1 drivers
v0x55db9dddefe0_0 .var "fifo_count", 8 0;
v0x55db9dddf0c0_0 .net "fifo_data", 31 0, L_0x55db9de02d50;  1 drivers
v0x55db9dddf1a0_0 .net "fifo_empty", 0 0, L_0x55db9de02860;  1 drivers
v0x55db9dddf260_0 .net "fifo_full", 0 0, L_0x55db9ddf2720;  1 drivers
v0x55db9dddf320_0 .net "fifo_last", 0 0, L_0x55db9de030b0;  1 drivers
v0x55db9dddf3e0 .array "fifo_mem", 255 0, 32 0;
v0x55db9dddf4a0_0 .net "fifo_rd_en", 0 0, L_0x55db9ddb2eb0;  1 drivers
v0x55db9dddf560_0 .var "fifo_rd_ptr", 7 0;
v0x55db9dddf640_0 .net "fifo_valid", 0 0, L_0x55db9dd73310;  1 drivers
v0x55db9dddf700_0 .net "fifo_wr_en", 0 0, L_0x55db9dd76090;  1 drivers
v0x55db9dddf7c0_0 .var "fifo_wr_ptr", 7 0;
v0x55db9dddfab0_0 .net "i_clk", 0 0, v0x55db9ddf1d60_0;  1 drivers
v0x55db9dddfb70_0 .net "i_data", 31 0, v0x55db9ddf1ee0_0;  1 drivers
v0x55db9dddfc50_0 .net "i_last", 0 0, v0x55db9ddf1fe0_0;  1 drivers
v0x55db9dddfd10_0 .net "i_ready", 0 0, v0x55db9ddf20b0_0;  1 drivers
v0x55db9dddfdd0_0 .net "i_rst_n", 0 0, v0x55db9ddf2650_0;  1 drivers
v0x55db9dddfe90_0 .net "i_valid", 0 0, v0x55db9ddf21a0_0;  1 drivers
v0x55db9dddff50_0 .var "in_packetLost", 0 0;
v0x55db9dde0010_0 .net "in_seqNumber_be", 31 0, L_0x55db9de038c0;  1 drivers
v0x55db9dde00f0_0 .var "in_state", 1 0;
v0x55db9dde01d0_0 .var "in_streamId", 15 0;
v0x55db9dde02b0_0 .net "in_stream_idx", 4 0, L_0x55db9de032c0;  1 drivers
v0x55db9dde0390_0 .var "msgLength", 15 0;
v0x55db9dde0470_0 .var "next_state", 3 0;
v0x55db9dde0550_0 .var "o_data", 295 0;
v0x55db9dde0630_0 .net "o_packetLost", 0 0, L_0x55db9de035d0;  alias, 1 drivers
v0x55db9dde06f0_0 .net "o_ready", 0 0, L_0x55db9ddafcd0;  alias, 1 drivers
v0x55db9dde07b0_0 .var "o_valid", 0 0;
v0x55db9dde0870 .array "packetTracker", 31 0, 31 0;
v0x55db9dde0930_0 .var "seqNumber", 31 0;
v0x55db9dde0a10_0 .var "shiftReg", 295 0;
v0x55db9dde0af0_0 .var "state", 3 0;
v0x55db9ddf0cf0_0 .var "streamId", 15 0;
v0x55db9ddf0dd0_0 .var "tracker_valid", 31 0;
E_0x55db9dd8f120/0 .event negedge, v0x55db9dddfdd0_0;
E_0x55db9dd8f120/1 .event posedge, v0x55db9dddfab0_0;
E_0x55db9dd8f120 .event/or E_0x55db9dd8f120/0, E_0x55db9dd8f120/1;
E_0x55db9dd8f4a0 .event anyedge, v0x55db9dde0af0_0, v0x55db9dddf640_0, v0x55db9dddf320_0, v0x55db9dddfd10_0;
E_0x55db9dd8e370 .event posedge, v0x55db9dddfab0_0;
L_0x55db9ddf2720 .part v0x55db9dddefe0_0, 8, 1;
L_0x55db9de02860 .cmp/eq 9, v0x55db9dddefe0_0, L_0x7f32a0570018;
L_0x55db9de02b40 .array/port v0x55db9dddf3e0, L_0x55db9de02be0;
L_0x55db9de02be0 .concat [ 8 2 0 0], v0x55db9dddf560_0, L_0x7f32a0570060;
L_0x55db9de02d50 .part L_0x55db9de02b40, 0, 32;
L_0x55db9de02e40 .array/port v0x55db9dddf3e0, L_0x55db9de02f20;
L_0x55db9de02f20 .concat [ 8 2 0 0], v0x55db9dddf560_0, L_0x7f32a05700a8;
L_0x55db9de030b0 .part L_0x55db9de02e40, 32, 1;
L_0x55db9de031f0 .part v0x55db9dde01d0_0, 0, 5;
L_0x55db9de032c0 .arith/sub 5, L_0x55db9de031f0, L_0x7f32a05700f0;
L_0x55db9de03490 .part v0x55db9ddf1ee0_0, 0, 8;
L_0x55db9de03530 .part v0x55db9ddf1ee0_0, 8, 8;
L_0x55db9de03640 .part v0x55db9ddf1ee0_0, 16, 8;
L_0x55db9de03770 .part v0x55db9ddf1ee0_0, 24, 8;
L_0x55db9de038c0 .concat [ 8 8 8 8], L_0x55db9de03770, L_0x55db9de03640, L_0x55db9de03530, L_0x55db9de03490;
L_0x55db9de03b50 .cmp/eq 4, v0x55db9dde0af0_0, L_0x7f32a0570138;
L_0x55db9de03cd0 .cmp/eq 4, v0x55db9dde0af0_0, L_0x7f32a0570180;
L_0x55db9de03ef0 .cmp/eq 4, v0x55db9dde0af0_0, L_0x7f32a05701c8;
S_0x55db9ddf1050 .scope task, "send_packet" "send_packet" 3 57, 3 57 0, S_0x55db9ddabee0;
 .timescale -9 -12;
v0x55db9ddf17c0_0 .var "header_w1", 31 0;
v0x55db9ddf18c0_0 .var "header_w2", 31 0;
v0x55db9ddf19a0_0 .var/2s "msgLength", 31 0;
v0x55db9ddf1a90_0 .var/darray "payload", 8;
v0x55db9ddf1b50_0 .var/2s "seqNumber", 31 0;
v0x55db9ddf1c80_0 .var/2s "streamId", 31 0;
TD_tb_basic_sv.send_packet ;
    %wait E_0x55db9dd8e370;
T_0.0 ;
    %load/vec4 v0x55db9ddf2410_0;
    %nor/r;
    %flag_set/vec4 8;
    %jmp/0xz T_0.1, 8;
    %wait E_0x55db9dd8e370;
    %jmp T_0.0;
T_0.1 ;
    %load/vec4 v0x55db9ddf19a0_0;
    %parti/s 8, 0, 2;
    %load/vec4 v0x55db9ddf19a0_0;
    %parti/s 8, 8, 5;
    %concat/vec4; draw_concat_vec4
    %load/vec4 v0x55db9ddf1c80_0;
    %parti/s 8, 0, 2;
    %concat/vec4; draw_concat_vec4
    %load/vec4 v0x55db9ddf1c80_0;
    %parti/s 8, 8, 5;
    %concat/vec4; draw_concat_vec4
    %store/vec4 v0x55db9ddf17c0_0, 0, 32;
    %load/vec4 v0x55db9ddf1b50_0;
    %parti/s 8, 0, 2;
    %load/vec4 v0x55db9ddf1b50_0;
    %parti/s 8, 8, 5;
    %concat/vec4; draw_concat_vec4
    %load/vec4 v0x55db9ddf1b50_0;
    %parti/s 8, 16, 6;
    %concat/vec4; draw_concat_vec4
    %load/vec4 v0x55db9ddf1b50_0;
    %parti/s 8, 24, 6;
    %concat/vec4; draw_concat_vec4
    %store/vec4 v0x55db9ddf18c0_0, 0, 32;
    %pushi/vec4 1, 0, 1;
    %assign/vec4 v0x55db9ddf21a0_0, 0;
    %load/vec4 v0x55db9ddf17c0_0;
    %assign/vec4 v0x55db9ddf1ee0_0, 0;
    %wait E_0x55db9dd8e370;
    %load/vec4 v0x55db9ddf18c0_0;
    %assign/vec4 v0x55db9ddf1ee0_0, 0;
    %wait E_0x55db9dd8e370;
    %fork t_1, S_0x55db9ddf11e0;
    %jmp t_0;
    .scope S_0x55db9ddf11e0;
t_1 ;
    %pushi/vec4 0, 0, 32;
    %store/vec4 v0x55db9ddf16c0_0, 0, 32;
T_0.2 ;
    %load/vec4 v0x55db9ddf16c0_0;
    %vpi_func 3 74 "$size" 32, v0x55db9ddf1a90_0 {0 0 0};
    %cmp/s;
    %jmp/0xz T_0.3, 5;
    %fork t_3, S_0x55db9ddf13c0;
    %jmp t_2;
    .scope S_0x55db9ddf13c0;
t_3 ;
    %load/vec4 v0x55db9ddf16c0_0;
    %vpi_func 3 76 "$size" 32, v0x55db9ddf1a90_0 {0 0 0};
    %cmp/s;
    %flag_mov 8, 5;
    %jmp/0 T_0.4, 8;
    %ix/getv/s 3, v0x55db9ddf16c0_0;
    %load/dar/vec4 v0x55db9ddf1a90_0;
    %jmp/1 T_0.5, 8;
T_0.4 ; End of true expr.
    %pushi/vec4 0, 0, 8;
    %jmp/0 T_0.5, 8;
 ; End of false expr.
    %blend;
T_0.5;
    %ix/load 4, 0, 0;
    %flag_set/imm 4, 0;
    %store/vec4 v0x55db9ddf15c0_0, 4, 8;
    %load/vec4 v0x55db9ddf16c0_0;
    %addi 1, 0, 32;
    %vpi_func 3 77 "$size" 32, v0x55db9ddf1a90_0 {0 0 0};
    %cmp/s;
    %flag_mov 8, 5;
    %jmp/0 T_0.6, 8;
    %load/vec4 v0x55db9ddf16c0_0;
    %addi 1, 0, 32;
    %ix/vec4/s 3;
    %load/dar/vec4 v0x55db9ddf1a90_0;
    %jmp/1 T_0.7, 8;
T_0.6 ; End of true expr.
    %pushi/vec4 0, 0, 8;
    %jmp/0 T_0.7, 8;
 ; End of false expr.
    %blend;
T_0.7;
    %ix/load 4, 8, 0;
    %flag_set/imm 4, 0;
    %store/vec4 v0x55db9ddf15c0_0, 4, 8;
    %load/vec4 v0x55db9ddf16c0_0;
    %addi 2, 0, 32;
    %vpi_func 3 78 "$size" 32, v0x55db9ddf1a90_0 {0 0 0};
    %cmp/s;
    %flag_mov 8, 5;
    %jmp/0 T_0.8, 8;
    %load/vec4 v0x55db9ddf16c0_0;
    %addi 2, 0, 32;
    %ix/vec4/s 3;
    %load/dar/vec4 v0x55db9ddf1a90_0;
    %jmp/1 T_0.9, 8;
T_0.8 ; End of true expr.
    %pushi/vec4 0, 0, 8;
    %jmp/0 T_0.9, 8;
 ; End of false expr.
    %blend;
T_0.9;
    %ix/load 4, 16, 0;
    %flag_set/imm 4, 0;
    %store/vec4 v0x55db9ddf15c0_0, 4, 8;
    %load/vec4 v0x55db9ddf16c0_0;
    %addi 3, 0, 32;
    %vpi_func 3 79 "$size" 32, v0x55db9ddf1a90_0 {0 0 0};
    %cmp/s;
    %flag_mov 8, 5;
    %jmp/0 T_0.10, 8;
    %load/vec4 v0x55db9ddf16c0_0;
    %addi 3, 0, 32;
    %ix/vec4/s 3;
    %load/dar/vec4 v0x55db9ddf1a90_0;
    %jmp/1 T_0.11, 8;
T_0.10 ; End of true expr.
    %pushi/vec4 0, 0, 8;
    %jmp/0 T_0.11, 8;
 ; End of false expr.
    %blend;
T_0.11;
    %ix/load 4, 24, 0;
    %flag_set/imm 4, 0;
    %store/vec4 v0x55db9ddf15c0_0, 4, 8;
    %load/vec4 v0x55db9ddf15c0_0;
    %assign/vec4 v0x55db9ddf1ee0_0, 0;
    %vpi_func 3 82 "$size" 32, v0x55db9ddf1a90_0 {0 0 0};
    %load/vec4 v0x55db9ddf16c0_0;
    %addi 4, 0, 32;
    %cmp/s;
    %flag_or 5, 4;
    %jmp/0xz  T_0.12, 5;
    %pushi/vec4 1, 0, 1;
    %assign/vec4 v0x55db9ddf1fe0_0, 0;
T_0.12 ;
    %wait E_0x55db9dd8e370;
    %end;
    .scope S_0x55db9ddf11e0;
t_2 %join;
    ; show_stmt_assign_vector: Get l-value for compressed += operand
    %load/vec4 v0x55db9ddf16c0_0;
    %pushi/vec4 4, 0, 32;
    %add;
    %cast2;
    %store/vec4 v0x55db9ddf16c0_0, 0, 32;
    %jmp T_0.2;
T_0.3 ;
    %end;
    .scope S_0x55db9ddf1050;
t_0 %join;
    %pushi/vec4 0, 0, 1;
    %assign/vec4 v0x55db9ddf21a0_0, 0;
    %pushi/vec4 0, 0, 1;
    %assign/vec4 v0x55db9ddf1fe0_0, 0;
    %end;
S_0x55db9ddf11e0 .scope begin, "$ivl_for_loop0" "$ivl_for_loop0" 3 74, 3 74 0, S_0x55db9ddf1050;
 .timescale -9 -12;
v0x55db9ddf16c0_0 .var/2s "i", 31 0;
S_0x55db9ddf13c0 .scope begin, "$unm_blk_33" "$unm_blk_33" 3 74, 3 74 0, S_0x55db9ddf11e0;
 .timescale -9 -12;
v0x55db9ddf15c0_0 .var "pdata", 31 0;
    .scope S_0x55db9ddf13c0;
T_1 ;
    %pushi/vec4 0, 0, 32;
    %store/vec4 v0x55db9ddf15c0_0, 0, 32;
    %end;
    .thread T_1, $init;
    .scope S_0x55db9dddd400;
T_2 ;
    %wait E_0x55db9dd8f120;
    %load/vec4 v0x55db9dddfdd0_0;
    %nor/r;
    %flag_set/vec4 8;
    %jmp/0xz  T_2.0, 8;
    %pushi/vec4 0, 0, 8;
    %assign/vec4 v0x55db9dddf7c0_0, 0;
    %pushi/vec4 0, 0, 8;
    %assign/vec4 v0x55db9dddf560_0, 0;
    %pushi/vec4 0, 0, 9;
    %assign/vec4 v0x55db9dddefe0_0, 0;
    %jmp T_2.1;
T_2.0 ;
    %load/vec4 v0x55db9dddf700_0;
    %load/vec4 v0x55db9dddf4a0_0;
    %concat/vec4; draw_concat_vec4
    %dup/vec4;
    %pushi/vec4 2, 0, 2;
    %cmp/u;
    %jmp/1 T_2.2, 6;
    %dup/vec4;
    %pushi/vec4 1, 0, 2;
    %cmp/u;
    %jmp/1 T_2.3, 6;
    %load/vec4 v0x55db9dddefe0_0;
    %assign/vec4 v0x55db9dddefe0_0, 0;
    %jmp T_2.5;
T_2.2 ;
    %load/vec4 v0x55db9dddefe0_0;
    %addi 1, 0, 9;
    %assign/vec4 v0x55db9dddefe0_0, 0;
    %jmp T_2.5;
T_2.3 ;
    %load/vec4 v0x55db9dddefe0_0;
    %subi 1, 0, 9;
    %assign/vec4 v0x55db9dddefe0_0, 0;
    %jmp T_2.5;
T_2.5 ;
    %pop/vec4 1;
    %load/vec4 v0x55db9dddf700_0;
    %flag_set/vec4 8;
    %jmp/0xz  T_2.6, 8;
    %load/vec4 v0x55db9dddf7c0_0;
    %addi 1, 0, 8;
    %assign/vec4 v0x55db9dddf7c0_0, 0;
T_2.6 ;
    %load/vec4 v0x55db9dddf4a0_0;
    %flag_set/vec4 8;
    %jmp/0xz  T_2.8, 8;
    %load/vec4 v0x55db9dddf560_0;
    %addi 1, 0, 8;
    %assign/vec4 v0x55db9dddf560_0, 0;
T_2.8 ;
T_2.1 ;
    %jmp T_2;
    .thread T_2;
    .scope S_0x55db9dddd400;
T_3 ;
    %wait E_0x55db9dd8e370;
    %load/vec4 v0x55db9dddf700_0;
    %flag_set/vec4 8;
    %jmp/0xz  T_3.0, 8;
    %load/vec4 v0x55db9dddfc50_0;
    %load/vec4 v0x55db9dddfb70_0;
    %concat/vec4; draw_concat_vec4
    %load/vec4 v0x55db9dddf7c0_0;
    %pad/u 10;
    %ix/vec4 3;
    %ix/load 4, 0, 0; Constant delay
    %assign/vec4/a/d v0x55db9dddf3e0, 0, 4;
T_3.0 ;
    %jmp T_3;
    .thread T_3;
    .scope S_0x55db9dddd400;
T_4 ;
    %wait E_0x55db9dd8e370;
    %load/vec4 v0x55db9dddf700_0;
    %flag_set/vec4 9;
    %flag_get/vec4 9;
    %jmp/0 T_4.2, 9;
    %load/vec4 v0x55db9dde00f0_0;
    %pushi/vec4 1, 0, 2;
    %cmp/e;
    %flag_get/vec4 4;
    %and;
T_4.2;
    %flag_set/vec4 8;
    %jmp/0xz  T_4.0, 8;
    %load/vec4 v0x55db9dde0010_0;
    %load/vec4 v0x55db9dde02b0_0;
    %pad/u 7;
    %ix/vec4 3;
    %ix/load 4, 0, 0; Constant delay
    %assign/vec4/a/d v0x55db9dde0870, 0, 4;
T_4.0 ;
    %jmp T_4;
    .thread T_4;
    .scope S_0x55db9dddd400;
T_5 ;
    %wait E_0x55db9dd8f120;
    %load/vec4 v0x55db9dddfdd0_0;
    %nor/r;
    %flag_set/vec4 8;
    %jmp/0xz  T_5.0, 8;
    %pushi/vec4 0, 0, 2;
    %assign/vec4 v0x55db9dde00f0_0, 0;
    %pushi/vec4 0, 0, 16;
    %assign/vec4 v0x55db9dde01d0_0, 0;
    %pushi/vec4 0, 0, 1;
    %assign/vec4 v0x55db9dddff50_0, 0;
    %pushi/vec4 0, 0, 32;
    %assign/vec4 v0x55db9ddf0dd0_0, 0;
    %jmp T_5.1;
T_5.0 ;
    %pushi/vec4 0, 0, 1;
    %assign/vec4 v0x55db9dddff50_0, 0;
    %load/vec4 v0x55db9dddf700_0;
    %flag_set/vec4 8;
    %jmp/0xz  T_5.2, 8;
    %load/vec4 v0x55db9dde00f0_0;
    %dup/vec4;
    %pushi/vec4 0, 0, 2;
    %cmp/u;
    %jmp/1 T_5.4, 6;
    %dup/vec4;
    %pushi/vec4 1, 0, 2;
    %cmp/u;
    %jmp/1 T_5.5, 6;
    %dup/vec4;
    %pushi/vec4 2, 0, 2;
    %cmp/u;
    %jmp/1 T_5.6, 6;
    %pushi/vec4 0, 0, 2;
    %assign/vec4 v0x55db9dde00f0_0, 0;
    %jmp T_5.8;
T_5.4 ;
    %load/vec4 v0x55db9dddfb70_0;
    %parti/s 8, 0, 2;
    %load/vec4 v0x55db9dddfb70_0;
    %parti/s 8, 8, 5;
    %concat/vec4; draw_concat_vec4
    %assign/vec4 v0x55db9dde01d0_0, 0;
    %pushi/vec4 1, 0, 2;
    %assign/vec4 v0x55db9dde00f0_0, 0;
    %jmp T_5.8;
T_5.5 ;
    %pushi/vec4 1, 0, 1;
    %ix/load 5, 0, 0;
    %ix/getv 4, v0x55db9dde02b0_0;
    %assign/vec4/off/d v0x55db9ddf0dd0_0, 4, 5;
    %load/vec4 v0x55db9ddf0dd0_0;
    %load/vec4 v0x55db9dde02b0_0;
    %part/u 1;
    %flag_set/vec4 9;
    %flag_get/vec4 9;
    %jmp/0 T_5.11, 9;
    %load/vec4 v0x55db9dde02b0_0;
    %pad/u 7;
    %ix/vec4 4;
    %load/vec4a v0x55db9dde0870, 4;
    %addi 1, 0, 32;
    %load/vec4 v0x55db9dde0010_0;
    %cmp/ne;
    %flag_get/vec4 4;
    %and;
T_5.11;
    %flag_set/vec4 8;
    %jmp/0xz  T_5.9, 8;
    %pushi/vec4 1, 0, 1;
    %assign/vec4 v0x55db9dddff50_0, 0;
T_5.9 ;
    %load/vec4 v0x55db9dddfc50_0;
    %flag_set/vec4 8;
    %jmp/0 T_5.12, 8;
    %pushi/vec4 0, 0, 2;
    %jmp/1 T_5.13, 8;
T_5.12 ; End of true expr.
    %pushi/vec4 2, 0, 2;
    %jmp/0 T_5.13, 8;
 ; End of false expr.
    %blend;
T_5.13;
    %assign/vec4 v0x55db9dde00f0_0, 0;
    %jmp T_5.8;
T_5.6 ;
    %load/vec4 v0x55db9dddfc50_0;
    %flag_set/vec4 8;
    %jmp/0xz  T_5.14, 8;
    %pushi/vec4 0, 0, 2;
    %assign/vec4 v0x55db9dde00f0_0, 0;
T_5.14 ;
    %jmp T_5.8;
T_5.8 ;
    %pop/vec4 1;
T_5.2 ;
T_5.1 ;
    %jmp T_5;
    .thread T_5;
    .scope S_0x55db9dddd400;
T_6 ;
    %wait E_0x55db9dd8f120;
    %load/vec4 v0x55db9dddfdd0_0;
    %nor/r;
    %flag_set/vec4 8;
    %jmp/0xz  T_6.0, 8;
    %pushi/vec4 1, 0, 4;
    %assign/vec4 v0x55db9dde0af0_0, 0;
    %jmp T_6.1;
T_6.0 ;
    %load/vec4 v0x55db9dde0470_0;
    %assign/vec4 v0x55db9dde0af0_0, 0;
T_6.1 ;
    %jmp T_6;
    .thread T_6;
    .scope S_0x55db9dddd400;
T_7 ;
    %wait E_0x55db9dd8f4a0;
    %load/vec4 v0x55db9dde0af0_0;
    %store/vec4 v0x55db9dde0470_0, 0, 4;
    %load/vec4 v0x55db9dde0af0_0;
    %dup/vec4;
    %pushi/vec4 1, 0, 4;
    %cmp/u;
    %jmp/1 T_7.0, 6;
    %dup/vec4;
    %pushi/vec4 2, 0, 4;
    %cmp/u;
    %jmp/1 T_7.1, 6;
    %dup/vec4;
    %pushi/vec4 4, 0, 4;
    %cmp/u;
    %jmp/1 T_7.2, 6;
    %dup/vec4;
    %pushi/vec4 8, 0, 4;
    %cmp/u;
    %jmp/1 T_7.3, 6;
    %pushi/vec4 1, 0, 4;
    %store/vec4 v0x55db9dde0470_0, 0, 4;
    %jmp T_7.5;
T_7.0 ;
    %load/vec4 v0x55db9dddf640_0;
    %flag_set/vec4 8;
    %jmp/0xz  T_7.6, 8;
    %pushi/vec4 2, 0, 4;
    %store/vec4 v0x55db9dde0470_0, 0, 4;
T_7.6 ;
    %jmp T_7.5;
T_7.1 ;
    %load/vec4 v0x55db9dddf640_0;
    %flag_set/vec4 8;
    %jmp/0xz  T_7.8, 8;
    %pushi/vec4 4, 0, 4;
    %store/vec4 v0x55db9dde0470_0, 0, 4;
T_7.8 ;
    %jmp T_7.5;
T_7.2 ;
    %load/vec4 v0x55db9dddf640_0;
    %flag_set/vec4 9;
    %flag_get/vec4 9;
    %jmp/0 T_7.12, 9;
    %load/vec4 v0x55db9dddf320_0;
    %and;
T_7.12;
    %flag_set/vec4 8;
    %jmp/0xz  T_7.10, 8;
    %pushi/vec4 8, 0, 4;
    %store/vec4 v0x55db9dde0470_0, 0, 4;
T_7.10 ;
    %jmp T_7.5;
T_7.3 ;
    %load/vec4 v0x55db9dddfd10_0;
    %flag_set/vec4 8;
    %jmp/0xz  T_7.13, 8;
    %pushi/vec4 1, 0, 4;
    %store/vec4 v0x55db9dde0470_0, 0, 4;
T_7.13 ;
    %jmp T_7.5;
T_7.5 ;
    %pop/vec4 1;
    %jmp T_7;
    .thread T_7, $push;
    .scope S_0x55db9dddd400;
T_8 ;
    %wait E_0x55db9dd8f120;
    %load/vec4 v0x55db9dddfdd0_0;
    %nor/r;
    %flag_set/vec4 8;
    %jmp/0xz  T_8.0, 8;
    %pushi/vec4 0, 0, 1;
    %assign/vec4 v0x55db9dde07b0_0, 0;
    %pushi/vec4 0, 0, 296;
    %assign/vec4 v0x55db9dde0550_0, 0;
    %pushi/vec4 0, 0, 16;
    %assign/vec4 v0x55db9dde0390_0, 0;
    %pushi/vec4 0, 0, 16;
    %assign/vec4 v0x55db9ddf0cf0_0, 0;
    %pushi/vec4 0, 0, 32;
    %assign/vec4 v0x55db9dde0930_0, 0;
    %pushi/vec4 0, 0, 296;
    %assign/vec4 v0x55db9dde0a10_0, 0;
    %jmp T_8.1;
T_8.0 ;
    %load/vec4 v0x55db9dde0af0_0;
    %dup/vec4;
    %pushi/vec4 1, 0, 4;
    %cmp/u;
    %jmp/1 T_8.2, 6;
    %dup/vec4;
    %pushi/vec4 2, 0, 4;
    %cmp/u;
    %jmp/1 T_8.3, 6;
    %dup/vec4;
    %pushi/vec4 4, 0, 4;
    %cmp/u;
    %jmp/1 T_8.4, 6;
    %dup/vec4;
    %pushi/vec4 8, 0, 4;
    %cmp/u;
    %jmp/1 T_8.5, 6;
    %pushi/vec4 0, 0, 1;
    %assign/vec4 v0x55db9dde07b0_0, 0;
    %pushi/vec4 0, 0, 296;
    %assign/vec4 v0x55db9dde0550_0, 0;
    %pushi/vec4 0, 0, 16;
    %assign/vec4 v0x55db9dde0390_0, 0;
    %pushi/vec4 0, 0, 16;
    %assign/vec4 v0x55db9ddf0cf0_0, 0;
    %pushi/vec4 0, 0, 32;
    %assign/vec4 v0x55db9dde0930_0, 0;
    %pushi/vec4 0, 0, 296;
    %assign/vec4 v0x55db9dde0a10_0, 0;
    %jmp T_8.7;
T_8.2 ;
    %pushi/vec4 0, 0, 1;
    %assign/vec4 v0x55db9dde07b0_0, 0;
    %pushi/vec4 0, 0, 296;
    %assign/vec4 v0x55db9dde0a10_0, 0;
    %load/vec4 v0x55db9dddf640_0;
    %flag_set/vec4 8;
    %jmp/0xz  T_8.8, 8;
    %load/vec4 v0x55db9dddf0c0_0;
    %parti/s 8, 16, 6;
    %load/vec4 v0x55db9dddf0c0_0;
    %parti/s 8, 24, 6;
    %concat/vec4; draw_concat_vec4
    %assign/vec4 v0x55db9dde0390_0, 0;
    %load/vec4 v0x55db9dddf0c0_0;
    %parti/s 8, 0, 2;
    %load/vec4 v0x55db9dddf0c0_0;
    %parti/s 8, 8, 5;
    %concat/vec4; draw_concat_vec4
    %assign/vec4 v0x55db9ddf0cf0_0, 0;
T_8.8 ;
    %jmp T_8.7;
T_8.3 ;
    %pushi/vec4 0, 0, 1;
    %assign/vec4 v0x55db9dde07b0_0, 0;
    %load/vec4 v0x55db9dddf640_0;
    %flag_set/vec4 8;
    %jmp/0xz  T_8.10, 8;
    %load/vec4 v0x55db9dddf0c0_0;
    %parti/s 8, 0, 2;
    %load/vec4 v0x55db9dddf0c0_0;
    %parti/s 8, 8, 5;
    %concat/vec4; draw_concat_vec4
    %load/vec4 v0x55db9dddf0c0_0;
    %parti/s 8, 16, 6;
    %concat/vec4; draw_concat_vec4
    %load/vec4 v0x55db9dddf0c0_0;
    %parti/s 8, 24, 6;
    %concat/vec4; draw_concat_vec4
    %assign/vec4 v0x55db9dde0930_0, 0;
T_8.10 ;
    %jmp T_8.7;
T_8.4 ;
    %load/vec4 v0x55db9dddf640_0;
    %flag_set/vec4 8;
    %jmp/0xz  T_8.12, 8;
    %load/vec4 v0x55db9dde0a10_0;
    %parti/s 264, 0, 2;
    %load/vec4 v0x55db9dddf0c0_0;
    %concat/vec4; draw_concat_vec4
    %assign/vec4 v0x55db9dde0a10_0, 0;
T_8.12 ;
    %load/vec4 v0x55db9dddf640_0;
    %flag_set/vec4 9;
    %flag_get/vec4 9;
    %jmp/0 T_8.16, 9;
    %load/vec4 v0x55db9dddf320_0;
    %and;
T_8.16;
    %flag_set/vec4 8;
    %jmp/0xz  T_8.14, 8;
    %load/vec4 v0x55db9dde0a10_0;
    %parti/s 264, 0, 2;
    %load/vec4 v0x55db9dddf0c0_0;
    %concat/vec4; draw_concat_vec4
    %assign/vec4 v0x55db9dde0550_0, 0;
    %pushi/vec4 1, 0, 1;
    %assign/vec4 v0x55db9dde07b0_0, 0;
    %jmp T_8.15;
T_8.14 ;
    %pushi/vec4 0, 0, 1;
    %assign/vec4 v0x55db9dde07b0_0, 0;
T_8.15 ;
    %jmp T_8.7;
T_8.5 ;
    %load/vec4 v0x55db9dddfd10_0;
    %flag_set/vec4 8;
    %jmp/0xz  T_8.17, 8;
    %pushi/vec4 0, 0, 1;
    %assign/vec4 v0x55db9dde07b0_0, 0;
T_8.17 ;
    %jmp T_8.7;
T_8.7 ;
    %pop/vec4 1;
T_8.1 ;
    %jmp T_8;
    .thread T_8;
    .scope S_0x55db9ddabee0;
T_9 ;
    %pushi/vec4 0, 0, 32;
    %store/vec4 v0x55db9ddf1e20_0, 0, 32;
    %pushi/vec4 0, 0, 32;
    %store/vec4 v0x55db9ddf25b0_0, 0, 32;
    %end;
    .thread T_9, $init;
    .scope S_0x55db9ddabee0;
T_10 ;
    %end;
    .thread T_10;
    .scope S_0x55db9ddabee0;
T_11 ;
    %pushi/vec4 0, 0, 1;
    %store/vec4 v0x55db9ddf1d60_0, 0, 1;
T_11.0 ;
    %delay 5000, 0;
    %load/vec4 v0x55db9ddf1d60_0;
    %inv;
    %store/vec4 v0x55db9ddf1d60_0, 0, 1;
    %jmp T_11.0;
    %end;
    .thread T_11;
    .scope S_0x55db9ddabee0;
T_12 ;
    %wait E_0x55db9dd8e370;
    %load/vec4 v0x55db9ddf24e0_0;
    %flag_set/vec4 9;
    %flag_get/vec4 9;
    %jmp/0 T_12.2, 9;
    %load/vec4 v0x55db9ddf20b0_0;
    %and;
T_12.2;
    %flag_set/vec4 8;
    %jmp/0xz  T_12.0, 8;
    %vpi_call/w 3 96 "$display", "[%0t] SCOREBOARD: Received output payload transaction.", $time {0 0 0};
    ; show_stmt_assign_vector: Get l-value for compressed += operand
    %load/vec4 v0x55db9ddf25b0_0;
    %pushi/vec4 1, 0, 32;
    %add;
    %cast2;
    %store/vec4 v0x55db9ddf25b0_0, 0, 32;
T_12.0 ;
    %load/vec4 v0x55db9ddf2340_0;
    %flag_set/vec4 8;
    %jmp/0xz  T_12.3, 8;
    %vpi_call/w 3 100 "$display", "[%0t] SCOREBOARD: Packet Lost detected!", $time {0 0 0};
T_12.3 ;
    %jmp T_12;
    .thread T_12;
    .scope S_0x55db9ddabee0;
T_13 ;
    %fork t_5, S_0x55db9dd9abb0;
    %jmp t_4;
    .scope S_0x55db9dd9abb0;
t_5 ;
    %pushi/vec4 0, 0, 1;
    %store/vec4 v0x55db9ddf2650_0, 0, 1;
    %pushi/vec4 0, 0, 32;
    %store/vec4 v0x55db9ddf1ee0_0, 0, 32;
    %pushi/vec4 0, 0, 1;
    %store/vec4 v0x55db9ddf21a0_0, 0, 1;
    %pushi/vec4 1, 0, 1;
    %store/vec4 v0x55db9ddf20b0_0, 0, 1;
    %pushi/vec4 0, 0, 1;
    %store/vec4 v0x55db9ddf1fe0_0, 0, 1;
    %delay 20000, 0;
    %pushi/vec4 1, 0, 1;
    %store/vec4 v0x55db9ddf2650_0, 0, 1;
    %fork t_7, S_0x55db9dd9ad90;
    %jmp t_6;
    .scope S_0x55db9dd9ad90;
t_7 ;
    %pushi/vec4 1, 0, 32;
    %store/vec4 v0x55db9ddaff40_0, 0, 32;
T_13.0 ;
    %load/vec4 v0x55db9ddaff40_0;
    %cmpi/s 5, 0, 32;
    %flag_or 5, 4;
    %jmp/0xz T_13.1, 5;
    %ix/load 4, 16, 0;
    %flag_set/imm 4, 0;
    %new/darray 4, "v8";
    %store/obj v0x55db9ddb29d0_0; tests/tb_basic_sv.sv:118: payload = new ...
    %fork t_9, S_0x55db9dd43490;
    %jmp t_8;
    .scope S_0x55db9dd43490;
t_9 ;
    %vpi_func 3 120 "$low" 32, v0x55db9ddb29d0_0 {0 0 0};
    %store/vec4 v0x55db9ddafe70_0, 0, 32;
T_13.2 ;
    %load/vec4 v0x55db9ddafe70_0;
    %vpi_func 3 120 "$high" 32, v0x55db9ddb29d0_0 {0 0 0};
    %cmp/s;
    %flag_or 5, 4;
    %jmp/0xz T_13.3, 5;
    %load/vec4 v0x55db9ddafe70_0;
    %pad/s 8;
    %ix/getv/s 3, v0x55db9ddafe70_0;
    %store/dar/vec4 v0x55db9ddb29d0_0;
    ; show_stmt_assign_vector: Get l-value for compressed += operand
    %load/vec4 v0x55db9ddafe70_0;
    %pushi/vec4 1, 0, 32;
    %add;
    %cast2;
    %store/vec4 v0x55db9ddafe70_0, 0, 32;
    %jmp T_13.2;
T_13.3 ;
    %end;
    .scope S_0x55db9dd9ad90;
t_8 %join;
    %pushi/vec4 24, 0, 32;
    %store/vec4 v0x55db9ddf19a0_0, 0, 32;
    %pushi/vec4 15, 0, 32;
    %store/vec4 v0x55db9ddf1c80_0, 0, 32;
    %load/vec4 v0x55db9ddaff40_0;
    %store/vec4 v0x55db9ddf1b50_0, 0, 32;
    %load/obj v0x55db9ddb29d0_0;
    %dup/obj;
    %store/obj v0x55db9ddf1a90_0; tests/tb_basic_sv.sv:122: payload = <signal>
    %pop/obj 1, 0;
    %fork TD_tb_basic_sv.send_packet, S_0x55db9ddf1050;
    %join;
    ; show_stmt_assign_vector: Get l-value for compressed += operand
    %load/vec4 v0x55db9ddaff40_0;
    %pushi/vec4 1, 0, 32;
    %add;
    %cast2;
    %store/vec4 v0x55db9ddaff40_0, 0, 32;
    %jmp T_13.0;
T_13.1 ;
    %end;
    .scope S_0x55db9dd9abb0;
t_6 %join;
    %ix/load 4, 8, 0;
    %flag_set/imm 4, 0;
    %new/darray 4, "v8";
    %store/obj v0x55db9ddb29d0_0; tests/tb_basic_sv.sv:126: payload = new ...
    %fork t_11, S_0x55db9dddd180;
    %jmp t_10;
    .scope S_0x55db9dddd180;
t_11 ;
    %vpi_func 3 127 "$low" 32, v0x55db9ddb29d0_0 {0 0 0};
    %store/vec4 v0x55db9ddb0620_0, 0, 32;
T_13.4 ;
    %load/vec4 v0x55db9ddb0620_0;
    %vpi_func 3 127 "$high" 32, v0x55db9ddb29d0_0 {0 0 0};
    %cmp/s;
    %flag_or 5, 4;
    %jmp/0xz T_13.5, 5;
    %pushi/vec4 255, 0, 8;
    %ix/getv/s 3, v0x55db9ddb0620_0;
    %store/dar/vec4 v0x55db9ddb29d0_0;
    ; show_stmt_assign_vector: Get l-value for compressed += operand
    %load/vec4 v0x55db9ddb0620_0;
    %pushi/vec4 1, 0, 32;
    %add;
    %cast2;
    %store/vec4 v0x55db9ddb0620_0, 0, 32;
    %jmp T_13.4;
T_13.5 ;
    %end;
    .scope S_0x55db9dd9abb0;
t_10 %join;
    %pushi/vec4 16, 0, 32;
    %store/vec4 v0x55db9ddf19a0_0, 0, 32;
    %pushi/vec4 15, 0, 32;
    %store/vec4 v0x55db9ddf1c80_0, 0, 32;
    %pushi/vec4 7, 0, 32;
    %store/vec4 v0x55db9ddf1b50_0, 0, 32;
    %load/obj v0x55db9ddb29d0_0;
    %dup/obj;
    %store/obj v0x55db9ddf1a90_0; tests/tb_basic_sv.sv:128: payload = <signal>
    %pop/obj 1, 0;
    %fork TD_tb_basic_sv.send_packet, S_0x55db9ddf1050;
    %join;
    %delay 100000, 0;
    %vpi_call/w 3 133 "$display", "--------------------------------" {0 0 0};
    %vpi_call/w 3 134 "$display", "Test finished. Packets received: %0d, Errors: %0d", v0x55db9ddf25b0_0, v0x55db9ddf1e20_0 {0 0 0};
    %load/vec4 v0x55db9ddf1e20_0;
    %cmpi/e 0, 0, 32;
    %jmp/0xz  T_13.6, 4;
    %vpi_call/w 3 135 "$display", "STATUS: PASSED" {0 0 0};
    %jmp T_13.7;
T_13.6 ;
    %vpi_call/w 3 136 "$display", "STATUS: FAILED" {0 0 0};
T_13.7 ;
    %vpi_call/w 3 137 "$display", "--------------------------------" {0 0 0};
    %vpi_call/w 3 138 "$finish" {0 0 0};
    %end;
    .scope S_0x55db9ddabee0;
t_4 %join;
    %end;
    .thread T_13;
# The file index is used to find the file name in the following table.
:file_names 5;
    "N/A";
    "<interactive>";
    "-";
    "tests/tb_basic_sv.sv";
    "packet_handler.v";
